2026-10-10 19:51:25,500 | INFO | __main__ | Loaded CSV: Metro_Interstate_Traffic_Volume.csv | rows=48204 | columns=9
2026-10-10 19:51:25,512 | INFO | __main__ | Schema validation passed: all 9 required columns exist
2026-10-10 19:51:25,513 | INFO | __main__ | Loading and validation completed: 48204 records
2026-10-10 20:14:42,233 | INFO | __main__ | Loaded CSV: rows=48204 | columns=9
2026-10-10 20:14:42,237 | INFO | __main__ | Schema validation passed
2026-10-10 20:14:42,470 | WARNING | __main__ | Affected rows=48204 | Standardised text in holiday
2026-10-10 20:14:42,558 | WARNING | __main__ | Affected rows=48204 | Standardised text in weather_main
2026-10-10 20:14:42,675 | WARNING | __main__ | Affected rows=1730 | Standardised text in weather_description
2026-10-10 20:14:42,748 | INFO | __main__ | Affected rows=0 | Dropped invalid dates
2026-10-10 20:14:42,805 | INFO | __main__ | Affected rows=0 | Missing or invalid numerical values in temp
2026-10-10 20:14:42,809 | INFO | __main__ | Affected rows=0 | Missing or invalid numerical values in rain_1h
2026-10-10 20:14:42,813 | INFO | __main__ | Affected rows=0 | Missing or invalid numerical values in snow_1h
2026-10-10 20:14:42,817 | INFO | __main__ | Affected rows=0 | Missing or invalid numerical values in clouds_all
2026-10-10 20:14:42,821 | INFO | __main__ | Affected rows=0 | Missing or invalid numerical values in traffic_volume
2026-10-10 20:14:42,884 | WARNING | __main__ | Affected rows=17 | Removed exact duplicate rows
2026-10-10 20:14:42,915 | INFO | __main__ | Affected rows=0 | Dropped missing, negative or non-integer traffic targets
2026-10-10 20:14:42,937 | WARNING | __main__ | Affected rows=10 | Flagged missing or impossible values in temp
2026-10-10 20:14:42,963 | WARNING | __main__ | Imputed rows=4 | column=temp | month=1 | method=calendar-month median | value=266.8300
2026-10-10 20:14:42,971 | WARNING | __main__ | Imputed rows=6 | column=temp | month=2 | method=calendar-month median | value=266.5100
2026-10-10 20:14:43,013 | WARNING | __main__ | Affected rows=1 | Flagged missing or impossible values in rain_1h
2026-10-10 20:14:43,050 | WARNING | __main__ | Imputed rows=1 | column=rain_1h | month=7 | method=calendar-month median | value=0.0000
2026-10-10 20:14:43,070 | INFO | __main__ | Affected rows=0 | Flagged missing or impossible values in snow_1h
2026-10-10 20:14:43,125 | INFO | __main__ | Affected rows=0 | Flagged missing or impossible values in clouds_all
2026-10-10 20:14:43,203 | INFO | __main__ | Repeated timestamp rows retained=7612; different weather records can share a timestamp
2026-10-10 20:14:43,204 | INFO | __main__ | Cleaning completed: rows=48187 | columns=9
2026-10-10 20:14:43,765 | INFO | __main__ | Saved cleaned dataset: C:\Users\bamsa\OneDrive\Desktop\NUS - AI\Copstone Project\capstone_part2\data\processed\traffic_cleaned.csv
2026-10-10 20:29:56,000 | INFO | __main__ | Before feature engineering: rows=48187 | columns=9
2026-10-10 20:29:56,245 | INFO | __main__ | After feature engineering: rows=48187 | columns=34
2026-10-10 20:29:57,482 | INFO | __main__ | Saved feature dataset: C:\Users\bamsa\OneDrive\Desktop\NUS - AI\Copstone Project\capstone_part2\data\processed\traffic_features.csv
2026-10-10 20:29:57,509 | INFO | __main__ | Saved feature definitions: C:\Users\bamsa\OneDrive\Desktop\NUS - AI\Copstone Project\capstone_part2\data\processed\feature_metadata.json
2026-10-10 21:20:55,539 | ERROR | ipykernel.comm | No such comm target registered: jupyter.widget.control
2026-10-10 21:20:55,609 | WARNING | Comm | No such comm: d290fff2-28aa-4bfc-8507-eabf90a13d4f
2026-10-10 21:25:20,972 | INFO | __main__ | Loaded feature dataset: rows=48187 | columns=34
2026-10-10 21:25:21,168 | INFO | __main__ | Prepared charts from 48187 records and 40575 distinct timestamps
2026-10-10 21:25:21,907 | INFO | __main__ | Saved figure: C:\Users\bamsa\OneDrive\Desktop\NUS - AI\Copstone Project\capstone_part2\figures\01_traffic_by_hour.png
2026-10-10 21:25:22,572 | INFO | __main__ | Saved figure: C:\Users\bamsa\OneDrive\Desktop\NUS - AI\Copstone Project\capstone_part2\figures\02_weekday_weekend.png
2026-10-10 21:25:24,003 | INFO | __main__ | Saved figure: C:\Users\bamsa\OneDrive\Desktop\NUS - AI\Copstone Project\capstone_part2\figures\03_temperature_traffic.png
2026-10-10 21:25:24,059 | INFO | __main__ | Saved chart interpretations: C:\Users\bamsa\OneDrive\Desktop\NUS - AI\Copstone Project\capstone_part2\figures\visualization_notes.md
2026-10-10 21:25:24,064 | INFO | __main__ | All three charts completed
